
> web-dashboard@0.1.0 build
> next build

node:internal/modules/cjs/loader:1386
  throw err;
  ^

Error: Cannot find module 'styled-jsx/package.json'
Require stack:
- /home/hacker/Documents/SaaS 2.0/tri-stack/web-dashboard/node_modules/next/dist/server/require-hook.js
- /home/hacker/Documents/SaaS 2.0/tri-stack/web-dashboard/node_modules/next/dist/bin/next
    at Module._resolveFilename (node:internal/modules/cjs/loader:1383:15)
    at resolve (node:internal/modules/helpers:157:19)
    at Object.<anonymous> (/home/hacker/Documents/SaaS 2.0/tri-stack/web-dashboard/node_modules/next/dist/server/require-hook.js:38:32)
    at Module._compile (node:internal/modules/cjs/loader:1705:14)
    at Module._extensions..js (node:internal/modules/cjs/loader:1838:10)
    at Module.load (node:internal/modules/cjs/loader:1441:32)
    at Module._load (node:internal/modules/cjs/loader:1263:12)
    at TracingChannel.traceSync (node:diagnostics_channel:328:14)
    at wrapModuleLoad (node:internal/modules/cjs/loader:237:24)
    at Module.require (node:internal/modules/cjs/loader:1463:12) {
  code: 'MODULE_NOT_FOUND',
  requireStack: [
    '/home/hacker/Documents/SaaS 2.0/tri-stack/web-dashboard/node_modules/next/dist/server/require-hook.js',
    '/home/hacker/Documents/SaaS 2.0/tri-stack/web-dashboard/node_modules/next/dist/bin/next'
  ]
}

Node.js v22.22.2
npm error Lifecycle script `build` failed with error:
npm error code 1
npm error path /home/hacker/Documents/SaaS 2.0/tri-stack/web-dashboard
npm error workspace web-dashboard@0.1.0
npm error location /home/hacker/Documents/SaaS 2.0/tri-stack/web-dashboard
npm error command failed
npm error command sh -c next build
